Archive member included to satisfy reference by file (symbol)

c:/st/stm32cubeide_1.10.1/stm32cubeide/plugins/com.st.stm32cube.ide.mcu.externaltools.gnu-tools-for-stm32.10.3-2021.10.win32_1.0.0.202111181127/tools/bin/../lib/gcc/arm-none-eabi/10.3.1/../../../../arm-none-eabi/lib/thumb/v7e-m+dp/hard\libc_nano.a(lib_a-errno.o)
                              ./Core/Src/syscalls.o (__errno)
c:/st/stm32cubeide_1.10.1/stm32cubeide/plugins/com.st.stm32cube.ide.mcu.externaltools.gnu-tools-for-stm32.10.3-2021.10.win32_1.0.0.202111181127/tools/bin/../lib/gcc/arm-none-eabi/10.3.1/../../../../arm-none-eabi/lib/thumb/v7e-m+dp/hard\libc_nano.a(lib_a-exit.o)
                              c:/st/stm32cubeide_1.10.1/stm32cubeide/plugins/com.st.stm32cube.ide.mcu.externaltools.gnu-tools-for-stm32.10.3-2021.10.win32_1.0.0.202111181127/tools/bin/../lib/gcc/arm-none-eabi/10.3.1/../../../../arm-none-eabi/lib/thumb/v7e-m+dp/hard/crt0.o (exit)
c:/st/stm32cubeide_1.10.1/stm32cubeide/plugins/com.st.stm32cube.ide.mcu.externaltools.gnu-tools-for-stm32.10.3-2021.10.win32_1.0.0.202111181127/tools/bin/../lib/gcc/arm-none-eabi/10.3.1/../../../../arm-none-eabi/lib/thumb/v7e-m+dp/hard\libc_nano.a(lib_a-impure.o)
                              c:/st/stm32cubeide_1.10.1/stm32cubeide/plugins/com.st.stm32cube.ide.mcu.externaltools.gnu-tools-for-stm32.10.3-2021.10.win32_1.0.0.202111181127/tools/bin/../lib/gcc/arm-none-eabi/10.3.1/../../../../arm-none-eabi/lib/thumb/v7e-m+dp/hard\libc_nano.a(lib_a-exit.o) (_global_impure_ptr)
c:/st/stm32cubeide_1.10.1/stm32cubeide/plugins/com.st.stm32cube.ide.mcu.externaltools.gnu-tools-for-stm32.10.3-2021.10.win32_1.0.0.202111181127/tools/bin/../lib/gcc/arm-none-eabi/10.3.1/../../../../arm-none-eabi/lib/thumb/v7e-m+dp/hard\libc_nano.a(lib_a-init.o)
                              c:/st/stm32cubeide_1.10.1/stm32cubeide/plugins/com.st.stm32cube.ide.mcu.externaltools.gnu-tools-for-stm32.10.3-2021.10.win32_1.0.0.202111181127/tools/bin/../lib/gcc/arm-none-eabi/10.3.1/../../../../arm-none-eabi/lib/thumb/v7e-m+dp/hard/crt0.o (__libc_init_array)
c:/st/stm32cubeide_1.10.1/stm32cubeide/plugins/com.st.stm32cube.ide.mcu.externaltools.gnu-tools-for-stm32.10.3-2021.10.win32_1.0.0.202111181127/tools/bin/../lib/gcc/arm-none-eabi/10.3.1/../../../../arm-none-eabi/lib/thumb/v7e-m+dp/hard\libc_nano.a(lib_a-memset.o)
                              c:/st/stm32cubeide_1.10.1/stm32cubeide/plugins/com.st.stm32cube.ide.mcu.externaltools.gnu-tools-for-stm32.10.3-2021.10.win32_1.0.0.202111181127/tools/bin/../lib/gcc/arm-none-eabi/10.3.1/../../../../arm-none-eabi/lib/thumb/v7e-m+dp/hard/crt0.o (memset)

Discarded input sections

 .text          0x0000000000000000        0x0 c:/st/stm32cubeide_1.10.1/stm32cubeide/plugins/com.st.stm32cube.ide.mcu.externaltools.gnu-tools-for-stm32.10.3-2021.10.win32_1.0.0.202111181127/tools/bin/../lib/gcc/arm-none-eabi/10.3.1/thumb/v7e-m+dp/hard/crti.o
 .data          0x0000000000000000        0x0 c:/st/stm32cubeide_1.10.1/stm32cubeide/plugins/com.st.stm32cube.ide.mcu.externaltools.gnu-tools-for-stm32.10.3-2021.10.win32_1.0.0.202111181127/tools/bin/../lib/gcc/arm-none-eabi/10.3.1/thumb/v7e-m+dp/hard/crti.o
 .bss           0x0000000000000000        0x0 c:/st/stm32cubeide_1.10.1/stm32cubeide/plugins/com.st.stm32cube.ide.mcu.externaltools.gnu-tools-for-stm32.10.3-2021.10.win32_1.0.0.202111181127/tools/bin/../lib/gcc/arm-none-eabi/10.3.1/thumb/v7e-m+dp/hard/crti.o
 .data          0x0000000000000000        0x4 c:/st/stm32cubeide_1.10.1/stm32cubeide/plugins/com.st.stm32cube.ide.mcu.externaltools.gnu-tools-for-stm32.10.3-2021.10.win32_1.0.0.202111181127/tools/bin/../lib/gcc/arm-none-eabi/10.3.1/thumb/v7e-m+dp/hard/crtbegin.o
 .rodata        0x0000000000000000       0x24 c:/st/stm32cubeide_1.10.1/stm32cubeide/plugins/com.st.stm32cube.ide.mcu.externaltools.gnu-tools-for-stm32.10.3-2021.10.win32_1.0.0.202111181127/tools/bin/../lib/gcc/arm-none-eabi/10.3.1/thumb/v7e-m+dp/hard/crtbegin.o
 .text          0x0000000000000000       0x7c c:/st/stm32cubeide_1.10.1/stm32cubeide/plugins/com.st.stm32cube.ide.mcu.externaltools.gnu-tools-for-stm32.10.3-2021.10.win32_1.0.0.202111181127/tools/bin/../lib/gcc/arm-none-eabi/10.3.1/../../../../arm-none-eabi/lib/thumb/v7e-m+dp/hard/crt0.o
 .data          0x0000000000000000        0x0 c:/st/stm32cubeide_1.10.1/stm32cubeide/plugins/com.st.stm32cube.ide.mcu.externaltools.gnu-tools-for-stm32.10.3-2021.10.win32_1.0.0.202111181127/tools/bin/../lib/gcc/arm-none-eabi/10.3.1/../../../../arm-none-eabi/lib/thumb/v7e-m+dp/hard/crt0.o
 .bss           0x0000000000000000        0x0 c:/st/stm32cubeide_1.10.1/stm32cubeide/plugins/com.st.stm32cube.ide.mcu.externaltools.gnu-tools-for-stm32.10.3-2021.10.win32_1.0.0.202111181127/tools/bin/../lib/gcc/arm-none-eabi/10.3.1/../../../../arm-none-eabi/lib/thumb/v7e-m+dp/hard/crt0.o
[...]
Memory Configuration

Name             Origin             Length             Attributes
FLASH            0x0000000008000000 0x0000000000200000 xr
DTCMRAM          0x0000000020000000 0x0000000000020000 xrw
RAM_D1           0x0000000024000000 0x0000000000080000 xrw
RAM_D2           0x0000000030000000 0x0000000000048000 xrw
RAM_D3           0x0000000038000000 0x0000000000010000 xrw
ITCMRAM          0x0000000000000000 0x0000000000010000 xrw
*default*        0x0000000000000000 0xffffffffffffffff

Linker script and memory map

LOAD c:/st/stm32cubeide_1.10.1/stm32cubeide/plugins/com.st.stm32cube.ide.mcu.externaltools.gnu-tools-for-stm32.10.3-2021.10.win32_1.0.0.202111181127/tools/bin/../lib/gcc/arm-none-eabi/10.3.1/thumb/v7e-m+dp/hard/crti.o
LOAD c:/st/stm32cubeide_1.10.1/stm32cubeide/plugins/com.st.stm32cube.ide.mcu.externaltools.gnu-tools-for-stm32.10.3-2021.10.win32_1.0.0.202111181127/tools/bin/../lib/gcc/arm-none-eabi/10.3.1/thumb/v7e-m+dp/hard/crtbegin.o
LOAD c:/st/stm32cubeide_1.10.1/stm32cubeide/plugins/com.st.stm32cube.ide.mcu.externaltools.gnu-tools-for-stm32.10.3-2021.10.win32_1.0.0.202111181127/tools/bin/../lib/gcc/arm-none-eabi/10.3.1/../../../../arm-none-eabi/lib/thumb/v7e-m+dp/hard/crt0.o
LOAD ./Core/Src/fmc.o
LOAD ./Core/Src/gpio.o
LOAD ./Core/Src/main.o
LOAD ./Core/Src/stm32h7xx_hal_msp.o
LOAD ./Core/Src/stm32h7xx_it.o
LOAD ./Core/Src/syscalls.o
LOAD ./Core/Src/sysmem.o
LOAD ./Core/Src/system_stm32h7xx.o
LOAD ./Core/Startup/startup_stm32h743zitx.o
LOAD ./Drivers/STM32H7xx_HAL_Driver/Src/stm32h7xx_hal.o
LOAD ./Drivers/STM32H7xx_HAL_Driver/Src/stm32h7xx_hal_cortex.o
LOAD ./Drivers/STM32H7xx_HAL_Driver/Src/stm32h7xx_hal_dma.o
LOAD ./Drivers/STM32H7xx_HAL_Driver/Src/stm32h7xx_hal_dma_ex.o
LOAD ./Drivers/STM32H7xx_HAL_Driver/Src/stm32h7xx_hal_exti.o
LOAD ./Drivers/STM32H7xx_HAL_Driver/Src/stm32h7xx_hal_flash.o
LOAD ./Drivers/STM32H7xx_HAL_Driver/Src/stm32h7xx_hal_flash_ex.o
LOAD ./Drivers/STM32H7xx_HAL_Driver/Src/stm32h7xx_hal_gpio.o
LOAD ./Drivers/STM32H7xx_HAL_Driver/Src/stm32h7xx_hal_hsem.o
LOAD ./Drivers/STM32H7xx_HAL_Driver/Src/stm32h7xx_hal_i2c.o
LOAD ./Drivers/STM32H7xx_HAL_Driver/Src/stm32h7xx_hal_i2c_ex.o
LOAD ./Drivers/STM32H7xx_HAL_Driver/Src/stm32h7xx_hal_mdma.o
LOAD ./Drivers/STM32H7xx_HAL_Driver/Src/stm32h7xx_hal_pwr.o
LOAD ./Drivers/STM32H7xx_HAL_Driver/Src/stm32h7xx_hal_pwr_ex.o
LOAD ./Drivers/STM32H7xx_HAL_Driver/Src/stm32h7xx_hal_rcc.o
LOAD ./Drivers/STM32H7xx_HAL_Driver/Src/stm32h7xx_hal_rcc_ex.o
LOAD ./Drivers/STM32H7xx_HAL_Driver/Src/stm32h7xx_hal_sdram.o
LOAD ./Drivers/STM32H7xx_HAL_Driver/Src/stm32h7xx_hal_tim.o
LOAD ./Drivers/STM32H7xx_HAL_Driver/Src/stm32h7xx_hal_tim_ex.o
LOAD ./Drivers/STM32H7xx_HAL_Driver/Src/stm32h7xx_ll_fmc.o
START GROUP
LOAD c:/st/stm32cubeide_1.10.1/stm32cubeide/plugins/com.st.stm32cube.ide.mcu.externaltools.gnu-tools-for-stm32.10.3-2021.10.win32_1.0.0.202111181127/tools/bin/../lib/gcc/arm-none-eabi/10.3.1/../../../../arm-none-eabi/lib/thumb/v7e-m+dp/hard\libc_nano.a
LOAD c:/st/stm32cubeide_1.10.1/stm32cubeide/plugins/com.st.stm32cube.ide.mcu.externaltools.gnu-tools-for-stm32.10.3-2021.10.win32_1.0.0.202111181127/tools/bin/../lib/gcc/arm-none-eabi/10.3.1/../../../../arm-none-eabi/lib/thumb/v7e-m+dp/hard\libm.a
END GROUP
START GROUP
LOAD c:/st/stm32cubeide_1.10.1/stm32cubeide/plugins/com.st.stm32cube.ide.mcu.externaltools.gnu-tools-for-stm32.10.3-2021.10.win32_1.0.0.202111181127/tools/bin/../lib/gcc/arm-none-eabi/10.3.1/thumb/v7e-m+dp/hard\libgcc.a
LOAD c:/st/stm32cubeide_1.10.1/stm32cubeide/plugins/com.st.stm32cube.ide.mcu.externaltools.gnu-tools-for-stm32.10.3-2021.10.win32_1.0.0.202111181127/tools/bin/../lib/gcc/arm-none-eabi/10.3.1/../../../../arm-none-eabi/lib/thumb/v7e-m+dp/hard\libc_nano.a
END GROUP
START GROUP
LOAD c:/st/stm32cubeide_1.10.1/stm32cubeide/plugins/com.st.stm32cube.ide.mcu.externaltools.gnu-tools-for-stm32.10.3-2021.10.win32_1.0.0.202111181127/tools/bin/../lib/gcc/arm-none-eabi/10.3.1/thumb/v7e-m+dp/hard\libgcc.a
LOAD c:/st/stm32cubeide_1.10.1/stm32cubeide/plugins/com.st.stm32cube.ide.mcu.externaltools.gnu-tools-for-stm32.10.3-2021.10.win32_1.0.0.202111181127/tools/bin/../lib/gcc/arm-none-eabi/10.3.1/../../../../arm-none-eabi/lib/thumb/v7e-m+dp/hard\libc_nano.a
LOAD c:/st/stm32cubeide_1.10.1/stm32cubeide/plugins/com.st.stm32cube.ide.mcu.externaltools.gnu-tools-for-stm32.10.3-2021.10.win32_1.0.0.202111181127/tools/bin/../lib/gcc/arm-none-eabi/10.3.1/../../../../arm-none-eabi/lib/thumb/v7e-m+dp/hard\libnosys.a
END GROUP
START GROUP
LOAD c:/st/stm32cubeide_1.10.1/stm32cubeide/plugins/com.st.stm32cube.ide.mcu.externaltools.gnu-tools-for-stm32.10.3-2021.10.win32_1.0.0.202111181127/tools/bin/../lib/gcc/arm-none-eabi/10.3.1/thumb/v7e-m+dp/hard\libgcc.a
LOAD c:/st/stm32cubeide_1.10.1/stm32cubeide/plugins/com.st.stm32cube.ide.mcu.externaltools.gnu-tools-for-stm32.10.3-2021.10.win32_1.0.0.202111181127/tools/bin/../lib/gcc/arm-none-eabi/10.3.1/../../../../arm-none-eabi/lib/thumb/v7e-m+dp/hard\libc_nano.a
LOAD c:/st/stm32cubeide_1.10.1/stm32cubeide/plugins/com.st.stm32cube.ide.mcu.externaltools.gnu-tools-for-stm32.10.3-2021.10.win32_1.0.0.202111181127/tools/bin/../lib/gcc/arm-none-eabi/10.3.1/../../../../arm-none-eabi/lib/thumb/v7e-m+dp/hard\libnosys.a
END GROUP
LOAD c:/st/stm32cubeide_1.10.1/stm32cubeide/plugins/com.st.stm32cube.ide.mcu.externaltools.gnu-tools-for-stm32.10.3-2021.10.win32_1.0.0.202111181127/tools/bin/../lib/gcc/arm-none-eabi/10.3.1/thumb/v7e-m+dp/hard/crtend.o
LOAD c:/st/stm32cubeide_1.10.1/stm32cubeide/plugins/com.st.stm32cube.ide.mcu.externaltools.gnu-tools-for-stm32.10.3-2021.10.win32_1.0.0.202111181127/tools/bin/../lib/gcc/arm-none-eabi/10.3.1/thumb/v7e-m+dp/hard/crtn.o
                0x0000000024080000                _estack = (ORIGIN (RAM_D1) + LENGTH (RAM_D1))
                0x0000000000000200                _Min_Heap_Size = 0x200
                0x0000000000000400                _Min_Stack_Size = 0x400

.isr_vector     0x0000000008000000      0x298
                0x0000000008000000                . = ALIGN (0x4)
 *(.isr_vector)
 .isr_vector    0x0000000008000000      0x298 ./Core/Startup/startup_stm32h743zitx.o
                0x0000000008000000                g_pfnVectors
                0x0000000008000298                . = ALIGN (0x4)

.text           0x0000000008000298     0x3290
                0x0000000008000298                . = ALIGN (0x4)
 *(.text)
 .text          0x0000000008000298       0x40 c:/st/stm32cubeide_1.10.1/stm32cubeide/plugins/com.st.stm32cube.ide.mcu.externaltools.gnu-tools-for-stm32.10.3-2021.10.win32_1.0.0.202111181127/tools/bin/../lib/gcc/arm-none-eabi/10.3.1/thumb/v7e-m+dp/hard/crtbegin.o
 *(.text*)
 .text.MX_FMC_Init
                0x00000000080002d8      0x114 ./Core/Src/fmc.o
                0x00000000080002d8                MX_FMC_Init
 .text.HAL_FMC_MspInit
                0x00000000080003ec      0x1bc ./Core/Src/fmc.o
 .text.HAL_SDRAM_MspInit
                0x00000000080005a8       0x14 ./Core/Src/fmc.o
                0x00000000080005a8                HAL_SDRAM_MspInit
 .text.MX_GPIO_Init
                0x00000000080005bc       0xcc ./Core/Src/gpio.o
                0x00000000080005bc                MX_GPIO_Init
 .text.main     0x0000000008000688       0x64 ./Core/Src/main.o
                0x0000000008000688                main
 .text.SystemClock_Config
                0x00000000080006ec      0x16c ./Core/Src/main.o
                0x00000000080006ec                SystemClock_Config
 .text.Error_Handler
                0x0000000008000858        0xa ./Core/Src/main.o
                0x0000000008000858                Error_Handler
 *fill*         0x0000000008000862        0x2 
 .text.HAL_MspInit
                0x0000000008000864       0x34 ./Core/Src/stm32h7xx_hal_msp.o
                0x0000000008000864                HAL_MspInit
 .text.NMI_Handler
                0x0000000008000898        0x6 ./Core/Src/stm32h7xx_it.o
                0x0000000008000898                NMI_Handler
 .text.HardFault_Handler
                0x000000000800089e        0x6 ./Core/Src/stm32h7xx_it.o
                0x000000000800089e                HardFault_Handler
 .text.MemManage_Handler
                0x00000000080008a4        0x6 ./Core/Src/stm32h7xx_it.o
                0x00000000080008a4                MemManage_Handler
 .text.BusFault_Handler
                0x00000000080008aa        0x6 ./Core/Src/stm32h7xx_it.o
                0x00000000080008aa                BusFault_Handler
 .text.UsageFault_Handler
                0x00000000080008b0        0x6 ./Core/Src/stm32h7xx_it.o
                0x00000000080008b0                UsageFault_Handler
 .text.SVC_Handler
                0x00000000080008b6        0xe ./Core/Src/stm32h7xx_it.o
                0x00000000080008b6                SVC_Handler
 .text.DebugMon_Handler
                0x00000000080008c4        0xe ./Core/Src/stm32h7xx_it.o
                0x00000000080008c4                DebugMon_Handler
 .text.PendSV_Handler
                0x00000000080008d2        0xe ./Core/Src/stm32h7xx_it.o
                0x00000000080008d2                PendSV_Handler
 .text.SysTick_Handler
                0x00000000080008e0        0xc ./Core/Src/stm32h7xx_it.o
                0x00000000080008e0                SysTick_Handler
 .text.SystemInit
                0x00000000080008ec      0x110 ./Core/Src/system_stm32h7xx.o
                0x00000000080008ec                SystemInit
 .text.Reset_Handler
                0x00000000080009fc       0x50 ./Core/Startup/startup_stm32h743zitx.o
                0x00000000080009fc                Reset_Handler
 .text.Default_Handler
                0x0000000008000a4c        0x2 ./Core/Startup/startup_stm32h743zitx.o
                0x0000000008000a4c                RTC_Alarm_IRQHandler
                0x0000000008000a4c                EXTI2_IRQHandler
                0x0000000008000a4c                TIM8_CC_IRQHandler
                0x0000000008000a4c                HRTIM1_Master_IRQHandler
                0x0000000008000a4c                UART8_IRQHandler
                0x0000000008000a4c                SPI4_IRQHandler
                0x0000000008000a4c                TIM1_CC_IRQHandler
                0x0000000008000a4c                BDMA_Channel6_IRQHandler
                0x0000000008000a4c                DMA2_Stream5_IRQHandler
                0x0000000008000a4c                HRTIM1_FLT_IRQHandler
                0x0000000008000a4c                JPEG_IRQHandler
                0x0000000008000a4c                DMA1_Stream5_IRQHandler
                0x0000000008000a4c                BDMA_Channel1_IRQHandler
                0x0000000008000a4c                HRTIM1_TIMD_IRQHandler
                0x0000000008000a4c                TAMP_STAMP_IRQHandler
                0x0000000008000a4c                EXTI3_IRQHandler
                0x0000000008000a4c                LPTIM4_IRQHandler
                0x0000000008000a4c                TIM8_TRG_COM_TIM14_IRQHandler
                0x0000000008000a4c                LPTIM2_IRQHandler
                0x0000000008000a4c                DFSDM1_FLT1_IRQHandler
                0x0000000008000a4c                DMAMUX2_OVR_IRQHandler
                0x0000000008000a4c                TIM8_UP_TIM13_IRQHandler
                0x0000000008000a4c                I2C3_ER_IRQHandler
                0x0000000008000a4c                DFSDM1_FLT2_IRQHandler
                0x0000000008000a4c                MDMA_IRQHandler
                0x0000000008000a4c                LPTIM3_IRQHandler
                0x0000000008000a4c                HSEM1_IRQHandler
                0x0000000008000a4c                EXTI0_IRQHandler
                0x0000000008000a4c                I2C2_EV_IRQHandler
                0x0000000008000a4c                DMA1_Stream2_IRQHandler
                0x0000000008000a4c                FPU_IRQHandler
                0x0000000008000a4c                OTG_HS_WKUP_IRQHandler
                0x0000000008000a4c                FDCAN1_IT1_IRQHandler
                0x0000000008000a4c                LTDC_ER_IRQHandler
                0x0000000008000a4c                DMA2_Stream2_IRQHandler
                0x0000000008000a4c                HRTIM1_TIME_IRQHandler
                0x0000000008000a4c                SPI1_IRQHandler
                0x0000000008000a4c                TIM6_DAC_IRQHandler
                0x0000000008000a4c                DCMI_IRQHandler
                0x0000000008000a4c                HRTIM1_TIMC_IRQHandler
                0x0000000008000a4c                DMA2_Stream3_IRQHandler
                0x0000000008000a4c                SAI2_IRQHandler
                0x0000000008000a4c                DFSDM1_FLT3_IRQHandler
                0x0000000008000a4c                USART6_IRQHandler
                0x0000000008000a4c                TIM17_IRQHandler
                0x0000000008000a4c                USART3_IRQHandler
                0x0000000008000a4c                BDMA_Channel7_IRQHandler
                0x0000000008000a4c                LPTIM5_IRQHandler
                0x0000000008000a4c                UART5_IRQHandler
                0x0000000008000a4c                ADC3_IRQHandler
                0x0000000008000a4c                DMA2_Stream0_IRQHandler
                0x0000000008000a4c                TIM4_IRQHandler
                0x0000000008000a4c                BDMA_Channel2_IRQHandler
                0x0000000008000a4c                QUADSPI_IRQHandler
                0x0000000008000a4c                I2C1_EV_IRQHandler
                0x0000000008000a4c                DMA1_Stream6_IRQHandler
                0x0000000008000a4c                DMAMUX1_OVR_IRQHandler
                0x0000000008000a4c                DMA1_Stream1_IRQHandler
                0x0000000008000a4c                TIM16_IRQHandler
                0x0000000008000a4c                UART4_IRQHandler
                0x0000000008000a4c                BDMA_Channel5_IRQHandler
                0x0000000008000a4c                TIM3_IRQHandler
                0x0000000008000a4c                RCC_IRQHandler
                0x0000000008000a4c                TIM8_BRK_TIM12_IRQHandler
                0x0000000008000a4c                TIM1_TRG_COM_IRQHandler
                0x0000000008000a4c                Default_Handler
                0x0000000008000a4c                ECC_IRQHandler
                0x0000000008000a4c                CEC_IRQHandler
                0x0000000008000a4c                EXTI15_10_IRQHandler
                0x0000000008000a4c                BDMA_Channel0_IRQHandler
                0x0000000008000a4c                ADC_IRQHandler
                0x0000000008000a4c                DMA1_Stream7_IRQHandler
                0x0000000008000a4c                HRTIM1_TIMA_IRQHandler
                0x0000000008000a4c                SPI5_IRQHandler
                0x0000000008000a4c                TIM7_IRQHandler
                0x0000000008000a4c                SDMMC1_IRQHandler
                0x0000000008000a4c                TIM5_IRQHandler
                0x0000000008000a4c                DMA2_Stream7_IRQHandler
                0x0000000008000a4c                TIM15_IRQHandler
                0x0000000008000a4c                PVD_AVD_IRQHandler
                0x0000000008000a4c                I2C3_EV_IRQHandler
                0x0000000008000a4c                EXTI9_5_IRQHandler
                0x0000000008000a4c                RTC_WKUP_IRQHandler
                0x0000000008000a4c                LTDC_IRQHandler
                0x0000000008000a4c                SAI3_IRQHandler
                0x0000000008000a4c                ETH_WKUP_IRQHandler
                0x0000000008000a4c                SPDIF_RX_IRQHandler
                0x0000000008000a4c                SPI2_IRQHandler
                0x0000000008000a4c                OTG_HS_EP1_IN_IRQHandler
                0x0000000008000a4c                DMA1_Stream0_IRQHandler
                0x0000000008000a4c                CRS_IRQHandler
                0x0000000008000a4c                EXTI4_IRQHandler
                0x0000000008000a4c                RNG_IRQHandler
                0x0000000008000a4c                HRTIM1_TIMB_IRQHandler
                0x0000000008000a4c                FDCAN2_IT1_IRQHandler
                0x0000000008000a4c                ETH_IRQHandler
                0x0000000008000a4c                TIM1_UP_IRQHandler
                0x0000000008000a4c                BDMA_Channel4_IRQHandler
                0x0000000008000a4c                OTG_HS_EP1_OUT_IRQHandler
                0x0000000008000a4c                WWDG_IRQHandler
                0x0000000008000a4c                SPI6_IRQHandler
                0x0000000008000a4c                MDIOS_IRQHandler
                0x0000000008000a4c                I2C4_EV_IRQHandler
                0x0000000008000a4c                FDCAN2_IT0_IRQHandler
                0x0000000008000a4c                LPUART1_IRQHandler
                0x0000000008000a4c                FDCAN1_IT0_IRQHandler
                0x0000000008000a4c                TIM2_IRQHandler
                0x0000000008000a4c                OTG_FS_WKUP_IRQHandler
                0x0000000008000a4c                OTG_HS_IRQHandler
                0x0000000008000a4c                DMA2D_IRQHandler
                0x0000000008000a4c                TIM1_BRK_IRQHandler
                0x0000000008000a4c                EXTI1_IRQHandler
                0x0000000008000a4c                SDMMC2_IRQHandler
                0x0000000008000a4c                OTG_FS_EP1_OUT_IRQHandler
                0x0000000008000a4c                BDMA_Channel3_IRQHandler
                0x0000000008000a4c                UART7_IRQHandler
                0x0000000008000a4c                MDIOS_WKUP_IRQHandler
                0x0000000008000a4c                USART2_IRQHandler
                0x0000000008000a4c                DFSDM1_FLT0_IRQHandler
                0x0000000008000a4c                SAI4_IRQHandler
                0x0000000008000a4c                I2C2_ER_IRQHandler
                0x0000000008000a4c                DMA2_Stream1_IRQHandler
                0x0000000008000a4c                FLASH_IRQHandler
                0x0000000008000a4c                DMA2_Stream4_IRQHandler
                0x0000000008000a4c                USART1_IRQHandler
                0x0000000008000a4c                OTG_FS_IRQHandler
                0x0000000008000a4c                SPI3_IRQHandler
                0x0000000008000a4c                WAKEUP_PIN_IRQHandler
                0x0000000008000a4c                DMA1_Stream4_IRQHandler
                0x0000000008000a4c                OTG_FS_EP1_IN_IRQHandler
                0x0000000008000a4c                I2C1_ER_IRQHandler
                0x0000000008000a4c                FMC_IRQHandler
                0x0000000008000a4c                FDCAN_CAL_IRQHandler
                0x0000000008000a4c                SWPMI1_IRQHandler
                0x0000000008000a4c                COMP1_IRQHandler
                0x0000000008000a4c                LPTIM1_IRQHandler
                0x0000000008000a4c                I2C4_ER_IRQHandler
                0x0000000008000a4c                DMA2_Stream6_IRQHandler
                0x0000000008000a4c                SAI1_IRQHandler
                0x0000000008000a4c                DMA1_Stream3_IRQHandler
 *fill*         0x0000000008000a4e        0x2 
 .text.HAL_Init
                0x0000000008000a50       0x78 ./Drivers/STM32H7xx_HAL_Driver/Src/stm32h7xx_hal.o
                0x0000000008000a50                HAL_Init
 .text.HAL_InitTick
                0x0000000008000ac8       0x6c ./Drivers/STM32H7xx_HAL_Driver/Src/stm32h7xx_hal.o
                0x0000000008000ac8                HAL_InitTick
 .text.HAL_IncTick
                0x0000000008000b34       0x28 ./Drivers/STM32H7xx_HAL_Driver/Src/stm32h7xx_hal.o
                0x0000000008000b34                HAL_IncTick
 .text.HAL_GetTick
                0x0000000008000b5c       0x18 ./Drivers/STM32H7xx_HAL_Driver/Src/stm32h7xx_hal.o
                0x0000000008000b5c                HAL_GetTick
 .text.HAL_Delay
                0x0000000008000b74       0x48 ./Drivers/STM32H7xx_HAL_Driver/Src/stm32h7xx_hal.o
                0x0000000008000b74                HAL_Delay
 .text.HAL_GetREVID
                0x0000000008000bbc       0x18 ./Drivers/STM32H7xx_HAL_Driver/Src/stm32h7xx_hal.o
                0x0000000008000bbc                HAL_GetREVID
 .text.__NVIC_SetPriorityGrouping
                0x0000000008000bd4       0x48 ./Drivers/STM32H7xx_HAL_Driver/Src/stm32h7xx_hal_cortex.o
 .text.__NVIC_GetPriorityGrouping
                0x0000000008000c1c       0x1c ./Drivers/STM32H7xx_HAL_Driver/Src/stm32h7xx_hal_cortex.o
 .text.__NVIC_SetPriority
                0x0000000008000c38       0x54 ./Drivers/STM32H7xx_HAL_Driver/Src/stm32h7xx_hal_cortex.o
 .text.NVIC_EncodePriority
                0x0000000008000c8c       0x66 ./Drivers/STM32H7xx_HAL_Driver/Src/stm32h7xx_hal_cortex.o
 *fill*         0x0000000008000cf2        0x2 
 .text.SysTick_Config
                0x0000000008000cf4       0x44 ./Drivers/STM32H7xx_HAL_Driver/Src/stm32h7xx_hal_cortex.o
 .text.HAL_NVIC_SetPriorityGrouping
                0x0000000008000d38       0x16 ./Drivers/STM32H7xx_HAL_Driver/Src/stm32h7xx_hal_cortex.o
                0x0000000008000d38                HAL_NVIC_SetPriorityGrouping
 .text.HAL_NVIC_SetPriority
                0x0000000008000d4e       0x34 ./Drivers/STM32H7xx_HAL_Driver/Src/stm32h7xx_hal_cortex.o
                0x0000000008000d4e                HAL_NVIC_SetPriority
 .text.HAL_SYSTICK_Config
                0x0000000008000d82       0x18 ./Drivers/STM32H7xx_HAL_Driver/Src/stm32h7xx_hal_cortex.o
                0x0000000008000d82                HAL_SYSTICK_Config
 *fill*         0x0000000008000d9a        0x2 
 .text.HAL_GPIO_Init
                0x0000000008000d9c      0x360 ./Drivers/STM32H7xx_HAL_Driver/Src/stm32h7xx_hal_gpio.o
                0x0000000008000d9c                HAL_GPIO_Init
 .text.HAL_PWREx_ConfigSupply
                0x00000000080010fc       0x74 ./Drivers/STM32H7xx_HAL_Driver/Src/stm32h7xx_hal_pwr_ex.o
                0x00000000080010fc                HAL_PWREx_ConfigSupply
 .text.HAL_RCC_OscConfig
                0x0000000008001170      0x85c ./Drivers/STM32H7xx_HAL_Driver/Src/stm32h7xx_hal_rcc.o
                0x0000000008001170                HAL_RCC_OscConfig
 .text.HAL_RCC_ClockConfig
                0x00000000080019cc      0x36c ./Drivers/STM32H7xx_HAL_Driver/Src/stm32h7xx_hal_rcc.o
                0x00000000080019cc                HAL_RCC_ClockConfig
 .text.HAL_RCC_GetSysClockFreq
                0x0000000008001d38      0x2f4 ./Drivers/STM32H7xx_HAL_Driver/Src/stm32h7xx_hal_rcc.o
                0x0000000008001d38                HAL_RCC_GetSysClockFreq
 .text.HAL_RCCEx_PeriphCLKConfig
                0x000000000800202c      0xe8c ./Drivers/STM32H7xx_HAL_Driver/Src/stm32h7xx_hal_rcc_ex.o
                0x000000000800202c                HAL_RCCEx_PeriphCLKConfig
 .text.RCCEx_PLL2_Config
                0x0000000008002eb8      0x164 ./Drivers/STM32H7xx_HAL_Driver/Src/stm32h7xx_hal_rcc_ex.o
 .text.RCCEx_PLL3_Config
                0x000000000800301c      0x164 ./Drivers/STM32H7xx_HAL_Driver/Src/stm32h7xx_hal_rcc_ex.o
 .text.HAL_SDRAM_Init
                0x0000000008003180       0x78 ./Drivers/STM32H7xx_HAL_Driver/Src/stm32h7xx_hal_sdram.o
                0x0000000008003180                HAL_SDRAM_Init
 .text.HAL_SDRAM_SendCommand
                0x00000000080031f8       0x6a ./Drivers/STM32H7xx_HAL_Driver/Src/stm32h7xx_hal_sdram.o
                0x00000000080031f8                HAL_SDRAM_SendCommand
 .text.HAL_SDRAM_ProgramRefreshRate
                0x0000000008003262       0x50 ./Drivers/STM32H7xx_HAL_Driver/Src/stm32h7xx_hal_sdram.o
                0x0000000008003262                HAL_SDRAM_ProgramRefreshRate
 *fill*         0x00000000080032b2        0x2 
 .text.FMC_SDRAM_Init
                0x00000000080032b4       0xb8 ./Drivers/STM32H7xx_HAL_Driver/Src/stm32h7xx_ll_fmc.o
                0x00000000080032b4                FMC_SDRAM_Init
 .text.FMC_SDRAM_Timing_Init
                0x000000000800336c       0xd4 ./Drivers/STM32H7xx_HAL_Driver/Src/stm32h7xx_ll_fmc.o
                0x000000000800336c                FMC_SDRAM_Timing_Init
 .text.FMC_SDRAM_SendCommand
                0x0000000008003440       0x48 ./Drivers/STM32H7xx_HAL_Driver/Src/stm32h7xx_ll_fmc.o
                0x0000000008003440                FMC_SDRAM_SendCommand
 .text.FMC_SDRAM_ProgramRefreshRate
                0x0000000008003488       0x30 ./Drivers/STM32H7xx_HAL_Driver/Src/stm32h7xx_ll_fmc.o
                0x0000000008003488                FMC_SDRAM_ProgramRefreshRate
 .text.__libc_init_array
                0x00000000080034b8       0x48 c:/st/stm32cubeide_1.10.1/stm32cubeide/plugins/com.st.stm32cube.ide.mcu.externaltools.gnu-tools-for-stm32.10.3-2021.10.win32_1.0.0.202111181127/tools/bin/../lib/gcc/arm-none-eabi/10.3.1/../../../../arm-none-eabi/lib/thumb/v7e-m+dp/hard\libc_nano.a(lib_a-init.o)
                0x00000000080034b8                __libc_init_array
 .text.memset   0x0000000008003500       0x10 c:/st/stm32cubeide_1.10.1/stm32cubeide/plugins/com.st.stm32cube.ide.mcu.externaltools.gnu-tools-for-stm32.10.3-2021.10.win32_1.0.0.202111181127/tools/bin/../lib/gcc/arm-none-eabi/10.3.1/../../../../arm-none-eabi/lib/thumb/v7e-m+dp/hard\libc_nano.a(lib_a-memset.o)
                0x0000000008003500                memset
 *(.glue_7)
 .glue_7        0x0000000008003510        0x0 linker stubs
 *(.glue_7t)
 .glue_7t       0x0000000008003510        0x0 linker stubs
 *(.eh_frame)
 .eh_frame      0x0000000008003510        0x0 c:/st/stm32cubeide_1.10.1/stm32cubeide/plugins/com.st.stm32cube.ide.mcu.externaltools.gnu-tools-for-stm32.10.3-2021.10.win32_1.0.0.202111181127/tools/bin/../lib/gcc/arm-none-eabi/10.3.1/thumb/v7e-m+dp/hard/crtbegin.o
 *(.init)
 .init          0x0000000008003510        0x4 c:/st/stm32cubeide_1.10.1/stm32cubeide/plugins/com.st.stm32cube.ide.mcu.externaltools.gnu-tools-for-stm32.10.3-2021.10.win32_1.0.0.202111181127/tools/bin/../lib/gcc/arm-none-eabi/10.3.1/thumb/v7e-m+dp/hard/crti.o
                0x0000000008003510                _init
 .init          0x0000000008003514        0x8 c:/st/stm32cubeide_1.10.1/stm32cubeide/plugins/com.st.stm32cube.ide.mcu.externaltools.gnu-tools-for-stm32.10.3-2021.10.win32_1.0.0.202111181127/tools/bin/../lib/gcc/arm-none-eabi/10.3.1/thumb/v7e-m+dp/hard/crtn.o
 *(.fini)
 .fini          0x000000000800351c        0x4 c:/st/stm32cubeide_1.10.1/stm32cubeide/plugins/com.st.stm32cube.ide.mcu.externaltools.gnu-tools-for-stm32.10.3-2021.10.win32_1.0.0.202111181127/tools/bin/../lib/gcc/arm-none-eabi/10.3.1/thumb/v7e-m+dp/hard/crti.o
                0x000000000800351c                _fini
 .fini          0x0000000008003520        0x8 c:/st/stm32cubeide_1.10.1/stm32cubeide/plugins/com.st.stm32cube.ide.mcu.externaltools.gnu-tools-for-stm32.10.3-2021.10.win32_1.0.0.202111181127/tools/bin/../lib/gcc/arm-none-eabi/10.3.1/thumb/v7e-m+dp/hard/crtn.o
                0x0000000008003528                . = ALIGN (0x4)
                0x0000000008003528                _etext = .

.vfp11_veneer   0x0000000008003528        0x0
 .vfp11_veneer  0x0000000008003528        0x0 linker stubs

.v4_bx          0x0000000008003528        0x0
 .v4_bx         0x0000000008003528        0x0 linker stubs

.iplt           0x0000000008003528        0x0
 .iplt          0x0000000008003528        0x0 c:/st/stm32cubeide_1.10.1/stm32cubeide/plugins/com.st.stm32cube.ide.mcu.externaltools.gnu-tools-for-stm32.10.3-2021.10.win32_1.0.0.202111181127/tools/bin/../lib/gcc/arm-none-eabi/10.3.1/thumb/v7e-m+dp/hard/crtbegin.o

.rodata         0x0000000008003528       0x20
                0x0000000008003528                . = ALIGN (0x4)
 *(.rodata)
 .rodata        0x0000000008003528        0xe ./Core/Src/main.o
 *(.rodata*)
 *fill*         0x0000000008003536        0x2 
 .rodata.D1CorePrescTable
                0x0000000008003538       0x10 ./Core/Src/system_stm32h7xx.o
                0x0000000008003538                D1CorePrescTable
                0x0000000008003548                . = ALIGN (0x4)

.rel.dyn        0x0000000008003548        0x0
 .rel.iplt      0x0000000008003548        0x0 c:/st/stm32cubeide_1.10.1/stm32cubeide/plugins/com.st.stm32cube.ide.mcu.externaltools.gnu-tools-for-stm32.10.3-2021.10.win32_1.0.0.202111181127/tools/bin/../lib/gcc/arm-none-eabi/10.3.1/thumb/v7e-m+dp/hard/crtbegin.o

.ARM.extab
 *(.ARM.extab* .gnu.linkonce.armextab.*)

.ARM            0x0000000008003548        0x0
                0x0000000008003548                __exidx_start = .
 *(.ARM.exidx*)
                0x0000000008003548                __exidx_end = .

.preinit_array  0x0000000008003548        0x0
                0x0000000008003548                PROVIDE (__preinit_array_start = .)
 *(.preinit_array*)
                0x0000000008003548                PROVIDE (__preinit_array_end = .)

.init_array     0x0000000008003548        0x4
                0x0000000008003548                PROVIDE (__init_array_start = .)
 *(SORT_BY_NAME(.init_array.*))
 *(.init_array*)
 .init_array    0x0000000008003548        0x4 c:/st/stm32cubeide_1.10.1/stm32cubeide/plugins/com.st.stm32cube.ide.mcu.externaltools.gnu-tools-for-stm32.10.3-2021.10.win32_1.0.0.202111181127/tools/bin/../lib/gcc/arm-none-eabi/10.3.1/thumb/v7e-m+dp/hard/crtbegin.o
                0x000000000800354c                PROVIDE (__init_array_end = .)

.fini_array     0x000000000800354c        0x4
                [!provide]                        PROVIDE (__fini_array_start = .)
 *(SORT_BY_NAME(.fini_array.*))
 *(.fini_array*)
 .fini_array    0x000000000800354c        0x4 c:/st/stm32cubeide_1.10.1/stm32cubeide/plugins/com.st.stm32cube.ide.mcu.externaltools.gnu-tools-for-stm32.10.3-2021.10.win32_1.0.0.202111181127/tools/bin/../lib/gcc/arm-none-eabi/10.3.1/thumb/v7e-m+dp/hard/crtbegin.o
                [!provide]                        PROVIDE (__fini_array_end = .)
                0x0000000008003550                _sidata = LOADADDR (.data)

.data           0x0000000024000000       0x10 load address 0x0000000008003550
                0x0000000024000000                . = ALIGN (0x4)
                0x0000000024000000                _sdata = .
 *(.data)
 *(.data*)
 .data.SystemCoreClock
                0x0000000024000000        0x4 ./Core/Src/system_stm32h7xx.o
                0x0000000024000000                SystemCoreClock
 .data.SystemD2Clock
                0x0000000024000004        0x4 ./Core/Src/system_stm32h7xx.o
                0x0000000024000004                SystemD2Clock
 .data.uwTickPrio
                0x0000000024000008        0x4 ./Drivers/STM32H7xx_HAL_Driver/Src/stm32h7xx_hal.o
                0x0000000024000008                uwTickPrio
 .data.uwTickFreq
                0x000000002400000c        0x1 ./Drivers/STM32H7xx_HAL_Driver/Src/stm32h7xx_hal.o
                0x000000002400000c                uwTickFreq
 *(.RamFunc)
 *(.RamFunc*)
                0x0000000024000010                . = ALIGN (0x4)
 *fill*         0x000000002400000d        0x3 
                0x0000000024000010                _edata = .

.igot.plt       0x0000000024000010        0x0 load address 0x0000000008003560
 .igot.plt      0x0000000024000010        0x0 c:/st/stm32cubeide_1.10.1/stm32cubeide/plugins/com.st.stm32cube.ide.mcu.externaltools.gnu-tools-for-stm32.10.3-2021.10.win32_1.0.0.202111181127/tools/bin/../lib/gcc/arm-none-eabi/10.3.1/thumb/v7e-m+dp/hard/crtbegin.o
                0x0000000024000010                . = ALIGN (0x4)

.bss            0x0000000024000010       0x58 load address 0x0000000008003560
                0x0000000024000010                _sbss = .
                0x0000000024000010                __bss_start__ = _sbss
 *(.bss)
 .bss           0x0000000024000010       0x1c c:/st/stm32cubeide_1.10.1/stm32cubeide/plugins/com.st.stm32cube.ide.mcu.externaltools.gnu-tools-for-stm32.10.3-2021.10.win32_1.0.0.202111181127/tools/bin/../lib/gcc/arm-none-eabi/10.3.1/thumb/v7e-m+dp/hard/crtbegin.o
 *(.bss*)
 .bss.hsdram1   0x000000002400002c       0x34 ./Core/Src/fmc.o
                0x000000002400002c                hsdram1
 .bss.FMC_Initialized
                0x0000000024000060        0x4 ./Core/Src/fmc.o
 .bss.uwTick    0x0000000024000064        0x4 ./Drivers/STM32H7xx_HAL_Driver/Src/stm32h7xx_hal.o
                0x0000000024000064                uwTick
 *(COMMON)
                0x0000000024000068                . = ALIGN (0x4)
                0x0000000024000068                _ebss = .
                0x0000000024000068                __bss_end__ = _ebss

._user_heap_stack
                0x0000000024000068      0x600 load address 0x0000000008003560
                0x0000000024000068                . = ALIGN (0x8)
                [!provide]                        PROVIDE (end = .)
                0x0000000024000068                PROVIDE (_end = .)
                0x0000000024000268                . = (. + _Min_Heap_Size)
 *fill*         0x0000000024000068      0x200 
                0x0000000024000668                . = (. + _Min_Stack_Size)
 *fill*         0x0000000024000268      0x400 
                0x0000000024000668                . = ALIGN (0x8)

/DISCARD/
 libc.a(*)
 libm.a(*)
 libgcc.a(*)

.ARM.attributes
                0x0000000000000000       0x2e
 *(.ARM.attributes)
 .ARM.attributes
                0x0000000000000000       0x1e c:/st/stm32cubeide_1.10.1/stm32cubeide/plugins/com.st.stm32cube.ide.mcu.externaltools.gnu-tools-for-stm32.10.3-2021.10.win32_1.0.0.202111181127/tools/bin/../lib/gcc/arm-none-eabi/10.3.1/thumb/v7e-m+dp/hard/crti.o
 .ARM.attributes
                0x000000000000001e       0x32 c:/st/stm32cubeide_1.10.1/stm32cubeide/plugins/com.st.stm32cube.ide.mcu.externaltools.gnu-tools-for-stm32.10.3-2021.10.win32_1.0.0.202111181127/tools/bin/../lib/gcc/arm-none-eabi/10.3.1/thumb/v7e-m+dp/hard/crtbegin.o
 .ARM.attributes
                0x0000000000000050       0x32 ./Core/Src/fmc.o
 .ARM.attributes
                0x0000000000000082       0x32 ./Core/Src/gpio.o
 .ARM.attributes
                0x00000000000000b4       0x32 ./Core/Src/main.o
 .ARM.attributes
                0x00000000000000e6       0x32 ./Core/Src/stm32h7xx_hal_msp.o
 .ARM.attributes
                0x0000000000000118       0x32 ./Core/Src/stm32h7xx_it.o
 .ARM.attributes
                0x000000000000014a       0x32 ./Core/Src/system_stm32h7xx.o
 .ARM.attributes
                0x000000000000017c       0x21 ./Core/Startup/startup_stm32h743zitx.o
 .ARM.attributes
                0x000000000000019d       0x32 ./Drivers/STM32H7xx_HAL_Driver/Src/stm32h7xx_hal.o
 .ARM.attributes
                0x00000000000001cf       0x32 ./Drivers/STM32H7xx_HAL_Driver/Src/stm32h7xx_hal_cortex.o
 .ARM.attributes
                0x0000000000000201       0x32 ./Drivers/STM32H7xx_HAL_Driver/Src/stm32h7xx_hal_gpio.o
 .ARM.attributes
                0x0000000000000233       0x32 ./Drivers/STM32H7xx_HAL_Driver/Src/stm32h7xx_hal_pwr_ex.o
 .ARM.attributes
                0x0000000000000265       0x32 ./Drivers/STM32H7xx_HAL_Driver/Src/stm32h7xx_hal_rcc.o
 .ARM.attributes
                0x0000000000000297       0x32 ./Drivers/STM32H7xx_HAL_Driver/Src/stm32h7xx_hal_rcc_ex.o
 .ARM.attributes
                0x00000000000002c9       0x32 ./Drivers/STM32H7xx_HAL_Driver/Src/stm32h7xx_hal_sdram.o
 .ARM.attributes
                0x00000000000002fb       0x32 ./Drivers/STM32H7xx_HAL_Driver/Src/stm32h7xx_ll_fmc.o
 .ARM.attributes
                0x000000000000032d       0x32 c:/st/stm32cubeide_1.10.1/stm32cubeide/plugins/com.st.stm32cube.ide.mcu.externaltools.gnu-tools-for-stm32.10.3-2021.10.win32_1.0.0.202111181127/tools/bin/../lib/gcc/arm-none-eabi/10.3.1/../../../../arm-none-eabi/lib/thumb/v7e-m+dp/hard\libc_nano.a(lib_a-init.o)
 .ARM.attributes
                0x000000000000035f       0x32 c:/st/stm32cubeide_1.10.1/stm32cubeide/plugins/com.st.stm32cube.ide.mcu.externaltools.gnu-tools-for-stm32.10.3-2021.10.win32_1.0.0.202111181127/tools/bin/../lib/gcc/arm-none-eabi/10.3.1/../../../../arm-none-eabi/lib/thumb/v7e-m+dp/hard\libc_nano.a(lib_a-memset.o)
 .ARM.attributes
                0x0000000000000391       0x1e c:/st/stm32cubeide_1.10.1/stm32cubeide/plugins/com.st.stm32cube.ide.mcu.externaltools.gnu-tools-for-stm32.10.3-2021.10.win32_1.0.0.202111181127/tools/bin/../lib/gcc/arm-none-eabi/10.3.1/thumb/v7e-m+dp/hard/crtn.o
OUTPUT(SDRAM-H743.elf elf32-littlearm)
LOAD linker stubs
LOAD c:/st/stm32cubeide_1.10.1/stm32cubeide/plugins/com.st.stm32cube.ide.mcu.externaltools.gnu-tools-for-stm32.10.3-2021.10.win32_1.0.0.202111181127/tools/bin/../lib/gcc/arm-none-eabi/10.3.1/../../../../arm-none-eabi/lib/thumb/v7e-m+dp/hard\libc.a
LOAD c:/st/stm32cubeide_1.10.1/stm32cubeide/plugins/com.st.stm32cube.ide.mcu.externaltools.gnu-tools-for-stm32.10.3-2021.10.win32_1.0.0.202111181127/tools/bin/../lib/gcc/arm-none-eabi/10.3.1/../../../../arm-none-eabi/lib/thumb/v7e-m+dp/hard\libm.a
LOAD c:/st/stm32cubeide_1.10.1/stm32cubeide/plugins/com.st.stm32cube.ide.mcu.externaltools.gnu-tools-for-stm32.10.3-2021.10.win32_1.0.0.202111181127/tools/bin/../lib/gcc/arm-none-eabi/10.3.1/thumb/v7e-m+dp/hard\libgcc.a

.debug_info     0x0000000000000000     0xb7ec
 .debug_info    0x0000000000000000     0x10d0 ./Core/Src/fmc.o
 .debug_info    0x00000000000010d0      0x535 ./Core/Src/gpio.o
 .debug_info    0x0000000000001605      0xaae ./Core/Src/main.o
 .debug_info    0x00000000000020b3      0x4a4 ./Core/Src/stm32h7xx_hal_msp.o
 .debug_info    0x0000000000002557      0x137 ./Core/Src/stm32h7xx_it.o
 .debug_info    0x000000000000268e      0xd07 ./Core/Src/system_stm32h7xx.o
 .debug_info    0x0000000000003395       0x22 ./Core/Startup/startup_stm32h743zitx.o
 .debug_info    0x00000000000033b7     0x15d7 ./Drivers/STM32H7xx_HAL_Driver/Src/stm32h7xx_hal.o
 .debug_info    0x000000000000498e     0x116d ./Drivers/STM32H7xx_HAL_Driver/Src/stm32h7xx_hal_cortex.o
 .debug_info    0x0000000000005afb      0xd28 ./Drivers/STM32H7xx_HAL_Driver/Src/stm32h7xx_hal_gpio.o
 .debug_info    0x0000000000006823     0x109d ./Drivers/STM32H7xx_HAL_Driver/Src/stm32h7xx_hal_pwr_ex.o
 .debug_info    0x00000000000078c0      0xf4a ./Drivers/STM32H7xx_HAL_Driver/Src/stm32h7xx_hal_rcc.o
 .debug_info    0x000000000000880a     0x12b4 ./Drivers/STM32H7xx_HAL_Driver/Src/stm32h7xx_hal_rcc_ex.o
 .debug_info    0x0000000000009abe     0x10e3 ./Drivers/STM32H7xx_HAL_Driver/Src/stm32h7xx_hal_sdram.o
 .debug_info    0x000000000000aba1      0xc4b ./Drivers/STM32H7xx_HAL_Driver/Src/stm32h7xx_ll_fmc.o

.debug_abbrev   0x0000000000000000     0x1b31
 .debug_abbrev  0x0000000000000000      0x280 ./Core/Src/fmc.o
 .debug_abbrev  0x0000000000000280       0xe5 ./Core/Src/gpio.o
 .debug_abbrev  0x0000000000000365      0x21e ./Core/Src/main.o
 .debug_abbrev  0x0000000000000583       0xda ./Core/Src/stm32h7xx_hal_msp.o
 .debug_abbrev  0x000000000000065d       0x74 ./Core/Src/stm32h7xx_it.o
 .debug_abbrev  0x00000000000006d1      0x147 ./Core/Src/system_stm32h7xx.o
 .debug_abbrev  0x0000000000000818       0x12 ./Core/Startup/startup_stm32h743zitx.o
 .debug_abbrev  0x000000000000082a      0x289 ./Drivers/STM32H7xx_HAL_Driver/Src/stm32h7xx_hal.o
 .debug_abbrev  0x0000000000000ab3      0x329 ./Drivers/STM32H7xx_HAL_Driver/Src/stm32h7xx_hal_cortex.o
 .debug_abbrev  0x0000000000000ddc      0x1ec ./Drivers/STM32H7xx_HAL_Driver/Src/stm32h7xx_hal_gpio.o
 .debug_abbrev  0x0000000000000fc8      0x28f ./Drivers/STM32H7xx_HAL_Driver/Src/stm32h7xx_hal_pwr_ex.o
 .debug_abbrev  0x0000000000001257      0x2b8 ./Drivers/STM32H7xx_HAL_Driver/Src/stm32h7xx_hal_rcc.o
 .debug_abbrev  0x000000000000150f      0x25c ./Drivers/STM32H7xx_HAL_Driver/Src/stm32h7xx_hal_rcc_ex.o
 .debug_abbrev  0x000000000000176b      0x230 ./Drivers/STM32H7xx_HAL_Driver/Src/stm32h7xx_hal_sdram.o
 .debug_abbrev  0x000000000000199b      0x196 ./Drivers/STM32H7xx_HAL_Driver/Src/stm32h7xx_ll_fmc.o

.debug_aranges  0x0000000000000000      0x8f8
 .debug_aranges
                0x0000000000000000       0x40 ./Core/Src/fmc.o
 .debug_aranges
                0x0000000000000040       0x20 ./Core/Src/gpio.o
 .debug_aranges
                0x0000000000000060       0x30 ./Core/Src/main.o
 .debug_aranges
                0x0000000000000090       0x20 ./Core/Src/stm32h7xx_hal_msp.o
 .debug_aranges
                0x00000000000000b0       0x60 ./Core/Src/stm32h7xx_it.o
 .debug_aranges
                0x0000000000000110       0x28 ./Core/Src/system_stm32h7xx.o
 .debug_aranges
                0x0000000000000138       0x28 ./Core/Startup/startup_stm32h743zitx.o
 .debug_aranges
                0x0000000000000160      0x198 ./Drivers/STM32H7xx_HAL_Driver/Src/stm32h7xx_hal.o
 .debug_aranges
                0x00000000000002f8      0x120 ./Drivers/STM32H7xx_HAL_Driver/Src/stm32h7xx_hal_cortex.o
 .debug_aranges
                0x0000000000000418       0x58 ./Drivers/STM32H7xx_HAL_Driver/Src/stm32h7xx_hal_gpio.o
 .debug_aranges
                0x0000000000000470      0x158 ./Drivers/STM32H7xx_HAL_Driver/Src/stm32h7xx_hal_pwr_ex.o
 .debug_aranges
                0x00000000000005c8       0x88 ./Drivers/STM32H7xx_HAL_Driver/Src/stm32h7xx_hal_rcc.o
 .debug_aranges
                0x0000000000000650       0xf8 ./Drivers/STM32H7xx_HAL_Driver/Src/stm32h7xx_hal_rcc_ex.o
 .debug_aranges
                0x0000000000000748       0xe8 ./Drivers/STM32H7xx_HAL_Driver/Src/stm32h7xx_hal_sdram.o
 .debug_aranges
                0x0000000000000830       0xc8 ./Drivers/STM32H7xx_HAL_Driver/Src/stm32h7xx_ll_fmc.o

.debug_ranges   0x0000000000000000      0x810
 .debug_ranges  0x0000000000000000       0x30 ./Core/Src/fmc.o
 .debug_ranges  0x0000000000000030       0x10 ./Core/Src/gpio.o
 .debug_ranges  0x0000000000000040       0x20 ./Core/Src/main.o
 .debug_ranges  0x0000000000000060       0x10 ./Core/Src/stm32h7xx_hal_msp.o
 .debug_ranges  0x0000000000000070       0x50 ./Core/Src/stm32h7xx_it.o
 .debug_ranges  0x00000000000000c0       0x18 ./Core/Src/system_stm32h7xx.o
 .debug_ranges  0x00000000000000d8       0x20 ./Core/Startup/startup_stm32h743zitx.o
 .debug_ranges  0x00000000000000f8      0x188 ./Drivers/STM32H7xx_HAL_Driver/Src/stm32h7xx_hal.o
 .debug_ranges  0x0000000000000280      0x110 ./Drivers/STM32H7xx_HAL_Driver/Src/stm32h7xx_hal_cortex.o
 .debug_ranges  0x0000000000000390       0x48 ./Drivers/STM32H7xx_HAL_Driver/Src/stm32h7xx_hal_gpio.o
 .debug_ranges  0x00000000000003d8      0x148 ./Drivers/STM32H7xx_HAL_Driver/Src/stm32h7xx_hal_pwr_ex.o
 .debug_ranges  0x0000000000000520       0x78 ./Drivers/STM32H7xx_HAL_Driver/Src/stm32h7xx_hal_rcc.o
 .debug_ranges  0x0000000000000598       0xe8 ./Drivers/STM32H7xx_HAL_Driver/Src/stm32h7xx_hal_rcc_ex.o
 .debug_ranges  0x0000000000000680       0xd8 ./Drivers/STM32H7xx_HAL_Driver/Src/stm32h7xx_hal_sdram.o
 .debug_ranges  0x0000000000000758       0xb8 ./Drivers/STM32H7xx_HAL_Driver/Src/stm32h7xx_ll_fmc.o

.debug_macro    0x0000000000000000    0x355a7
 .debug_macro   0x0000000000000000      0x2ae ./Core/Src/fmc.o
 .debug_macro   0x00000000000002ae      0xa90 ./Core/Src/fmc.o
 .debug_macro   0x0000000000000d3e      0x232 ./Core/Src/fmc.o
 .debug_macro   0x0000000000000f70       0x2e ./Core/Src/fmc.o
 .debug_macro   0x0000000000000f9e       0x3b ./Core/Src/fmc.o
 .debug_macro   0x0000000000000fd9       0x22 ./Core/Src/fmc.o
 .debug_macro   0x0000000000000ffb       0x8e ./Core/Src/fmc.o
 .debug_macro   0x0000000000001089       0x51 ./Core/Src/fmc.o
 .debug_macro   0x00000000000010da      0x103 ./Core/Src/fmc.o
 .debug_macro   0x00000000000011dd       0x6a ./Core/Src/fmc.o
 .debug_macro   0x0000000000001247      0x1df ./Core/Src/fmc.o
 .debug_macro   0x0000000000001426       0x1c ./Core/Src/fmc.o
 .debug_macro   0x0000000000001442       0x22 ./Core/Src/fmc.o
 .debug_macro   0x0000000000001464       0xfb ./Core/Src/fmc.o
 .debug_macro   0x000000000000155f     0x1305 ./Core/Src/fmc.o
 .debug_macro   0x0000000000002864      0x11f ./Core/Src/fmc.o
 .debug_macro   0x0000000000002983       0x27 ./Core/Src/fmc.o
 .debug_macro   0x00000000000029aa    0x2587a ./Core/Src/fmc.o
 .debug_macro   0x0000000000028224       0x6d ./Core/Src/fmc.o
 .debug_macro   0x0000000000028291     0x3d22 ./Core/Src/fmc.o
 .debug_macro   0x000000000002bfb3      0x174 ./Core/Src/fmc.o
 .debug_macro   0x000000000002c127       0x52 ./Core/Src/fmc.o
 .debug_macro   0x000000000002c179       0x1d ./Core/Src/fmc.o
 .debug_macro   0x000000000002c196       0x3c ./Core/Src/fmc.o
 .debug_macro   0x000000000002c1d2       0x34 ./Core/Src/fmc.o
 .debug_macro   0x000000000002c206       0x16 ./Core/Src/fmc.o
 .debug_macro   0x000000000002c21c       0x43 ./Core/Src/fmc.o
 .debug_macro   0x000000000002c25f       0x34 ./Core/Src/fmc.o
 .debug_macro   0x000000000002c293       0x10 ./Core/Src/fmc.o
 .debug_macro   0x000000000002c2a3       0x58 ./Core/Src/fmc.o
 .debug_macro   0x000000000002c2fb       0x71 ./Core/Src/fmc.o
 .debug_macro   0x000000000002c36c       0x1c ./Core/Src/fmc.o
 .debug_macro   0x000000000002c388      0x12a ./Core/Src/fmc.o
 .debug_macro   0x000000000002c4b2      0x341 ./Core/Src/fmc.o
 .debug_macro   0x000000000002c7f3      0x19b ./Core/Src/fmc.o
 .debug_macro   0x000000000002c98e       0x5d ./Core/Src/fmc.o
 .debug_macro   0x000000000002c9eb     0x2382 ./Core/Src/fmc.o
 .debug_macro   0x000000000002ed6d     0x1002 ./Core/Src/fmc.o
 .debug_macro   0x000000000002fd6f      0x14d ./Core/Src/fmc.o
 .debug_macro   0x000000000002febc      0x114 ./Core/Src/fmc.o
 .debug_macro   0x000000000002ffd0      0x3b2 ./Core/Src/fmc.o
 .debug_macro   0x0000000000030382       0xac ./Core/Src/fmc.o
 .debug_macro   0x000000000003042e      0x72d ./Core/Src/fmc.o
 .debug_macro   0x0000000000030b5b      0x228 ./Core/Src/fmc.o
 .debug_macro   0x0000000000030d83       0x66 ./Core/Src/fmc.o
 .debug_macro   0x0000000000030de9      0x3bb ./Core/Src/fmc.o
 .debug_macro   0x00000000000311a4      0x3e4 ./Core/Src/fmc.o
 .debug_macro   0x0000000000031588      0x275 ./Core/Src/fmc.o
 .debug_macro   0x00000000000317fd      0x3ca ./Core/Src/fmc.o
 .debug_macro   0x0000000000031bc7      0x408 ./Core/Src/fmc.o
 .debug_macro   0x0000000000031fcf       0x51 ./Core/Src/fmc.o
 .debug_macro   0x0000000000032020       0x4a ./Core/Src/fmc.o
 .debug_macro   0x000000000003206a      0x22c ./Core/Src/fmc.o
 .debug_macro   0x0000000000032296       0x67 ./Core/Src/fmc.o
 .debug_macro   0x00000000000322fd       0xa5 ./Core/Src/fmc.o
 .debug_macro   0x00000000000323a2      0x1c4 ./Core/Src/fmc.o
 .debug_macro   0x0000000000032566      0x25e ./Core/Src/fmc.o
 .debug_macro   0x00000000000327c4       0x35 ./Core/Src/fmc.o
 .debug_macro   0x00000000000327f9      0x512 ./Core/Src/fmc.o
 .debug_macro   0x0000000000032d0b      0x5a0 ./Core/Src/fmc.o
 .debug_macro   0x00000000000332ab      0x2ae ./Core/Src/gpio.o
 .debug_macro   0x0000000000033559      0x2bc ./Core/Src/main.o
 .debug_macro   0x0000000000033815      0x2a4 ./Core/Src/stm32h7xx_hal_msp.o
 .debug_macro   0x0000000000033ab9      0x2ae ./Core/Src/stm32h7xx_it.o
 .debug_macro   0x0000000000033d67      0x29a ./Core/Src/system_stm32h7xx.o
 .debug_macro   0x0000000000034001      0x2c4 ./Drivers/STM32H7xx_HAL_Driver/Src/stm32h7xx_hal.o
 .debug_macro   0x00000000000342c5      0x29a ./Drivers/STM32H7xx_HAL_Driver/Src/stm32h7xx_hal_cortex.o
 .debug_macro   0x000000000003455f      0x2a1 ./Drivers/STM32H7xx_HAL_Driver/Src/stm32h7xx_hal_gpio.o
 .debug_macro   0x0000000000034800      0x2d3 ./Drivers/STM32H7xx_HAL_Driver/Src/stm32h7xx_hal_pwr_ex.o
 .debug_macro   0x0000000000034ad3      0x2be ./Drivers/STM32H7xx_HAL_Driver/Src/stm32h7xx_hal_rcc.o
 .debug_macro   0x0000000000034d91      0x2b8 ./Drivers/STM32H7xx_HAL_Driver/Src/stm32h7xx_hal_rcc_ex.o
 .debug_macro   0x0000000000035049      0x29a ./Drivers/STM32H7xx_HAL_Driver/Src/stm32h7xx_hal_sdram.o
 .debug_macro   0x00000000000352e3      0x2c4 ./Drivers/STM32H7xx_HAL_Driver/Src/stm32h7xx_ll_fmc.o

.debug_line     0x0000000000000000     0xb563
 .debug_line    0x0000000000000000      0x97e ./Core/Src/fmc.o
 .debug_line    0x000000000000097e      0x817 ./Core/Src/gpio.o
 .debug_line    0x0000000000001195      0x8eb ./Core/Src/main.o
 .debug_line    0x0000000000001a80      0x815 ./Core/Src/stm32h7xx_hal_msp.o
 .debug_line    0x0000000000002295      0x8d9 ./Core/Src/stm32h7xx_it.o
 .debug_line    0x0000000000002b6e      0x9c6 ./Core/Src/system_stm32h7xx.o
 .debug_line    0x0000000000003534       0x88 ./Core/Startup/startup_stm32h743zitx.o
 .debug_line    0x00000000000035bc      0xdc4 ./Drivers/STM32H7xx_HAL_Driver/Src/stm32h7xx_hal.o
 .debug_line    0x0000000000004380      0xdca ./Drivers/STM32H7xx_HAL_Driver/Src/stm32h7xx_hal_cortex.o
 .debug_line    0x000000000000514a      0xc87 ./Drivers/STM32H7xx_HAL_Driver/Src/stm32h7xx_hal_gpio.o
 .debug_line    0x0000000000005dd1      0xede ./Drivers/STM32H7xx_HAL_Driver/Src/stm32h7xx_hal_pwr_ex.o
 .debug_line    0x0000000000006caf     0x1332 ./Drivers/STM32H7xx_HAL_Driver/Src/stm32h7xx_hal_rcc.o
 .debug_line    0x0000000000007fe1     0x1aec ./Drivers/STM32H7xx_HAL_Driver/Src/stm32h7xx_hal_rcc_ex.o
 .debug_line    0x0000000000009acd      0xf01 ./Drivers/STM32H7xx_HAL_Driver/Src/stm32h7xx_hal_sdram.o
 .debug_line    0x000000000000a9ce      0xb95 ./Drivers/STM32H7xx_HAL_Driver/Src/stm32h7xx_ll_fmc.o

.debug_str      0x0000000000000000   0x15238f
 .debug_str     0x0000000000000000   0x14eea4 ./Core/Src/fmc.o
                                     0x14f3c2 (size before relaxing)
 .debug_str     0x000000000014eea4       0x2c ./Core/Src/gpio.o
                                     0x14e8f6 (size before relaxing)
 .debug_str     0x000000000014eed0      0x297 ./Core/Src/main.o
                                     0x14ebe9 (size before relaxing)
 .debug_str     0x000000000014f167       0x2c ./Core/Src/stm32h7xx_hal_msp.o
                                     0x14e8f6 (size before relaxing)
 .debug_str     0x000000000014f193       0xc9 ./Core/Src/stm32h7xx_it.o
                                     0x14e755 (size before relaxing)
 .debug_str     0x000000000014f25c      0x332 ./Core/Src/system_stm32h7xx.o
                                     0x14ec29 (size before relaxing)
 .debug_str     0x000000000014f58e       0x36 ./Core/Startup/startup_stm32h743zitx.o
                                         0x72 (size before relaxing)
 .debug_str     0x000000000014f5c4      0xfc0 ./Drivers/STM32H7xx_HAL_Driver/Src/stm32h7xx_hal.o
                                     0x14fb3f (size before relaxing)
 .debug_str     0x0000000000150584      0x355 ./Drivers/STM32H7xx_HAL_Driver/Src/stm32h7xx_hal_cortex.o
                                     0x14f542 (size before relaxing)
 .debug_str     0x00000000001508d9      0x12d ./Drivers/STM32H7xx_HAL_Driver/Src/stm32h7xx_hal_gpio.o
                                     0x14ebe0 (size before relaxing)
 .debug_str     0x0000000000150a06      0x642 ./Drivers/STM32H7xx_HAL_Driver/Src/stm32h7xx_hal_pwr_ex.o
                                     0x14f0a1 (size before relaxing)
 .debug_str     0x0000000000151048      0x22e ./Drivers/STM32H7xx_HAL_Driver/Src/stm32h7xx_hal_rcc.o
                                     0x14efc4 (size before relaxing)
 .debug_str     0x0000000000151276      0x65d ./Drivers/STM32H7xx_HAL_Driver/Src/stm32h7xx_hal_rcc_ex.o
                                     0x14f47c (size before relaxing)
 .debug_str     0x00000000001518d3      0x374 ./Drivers/STM32H7xx_HAL_Driver/Src/stm32h7xx_hal_sdram.o
                                     0x14f0ae (size before relaxing)
 .debug_str     0x0000000000151c47      0x748 ./Drivers/STM32H7xx_HAL_Driver/Src/stm32h7xx_ll_fmc.o
                                     0x14f15e (size before relaxing)

.comment        0x0000000000000000       0x50
 .comment       0x0000000000000000       0x50 ./Core/Src/fmc.o
                                         0x51 (size before relaxing)
 .comment       0x0000000000000050       0x51 ./Core/Src/gpio.o
 .comment       0x0000000000000050       0x51 ./Core/Src/main.o
 .comment       0x0000000000000050       0x51 ./Core/Src/stm32h7xx_hal_msp.o
 .comment       0x0000000000000050       0x51 ./Core/Src/stm32h7xx_it.o
 .comment       0x0000000000000050       0x51 ./Core/Src/system_stm32h7xx.o
 .comment       0x0000000000000050       0x51 ./Drivers/STM32H7xx_HAL_Driver/Src/stm32h7xx_hal.o
 .comment       0x0000000000000050       0x51 ./Drivers/STM32H7xx_HAL_Driver/Src/stm32h7xx_hal_cortex.o
 .comment       0x0000000000000050       0x51 ./Drivers/STM32H7xx_HAL_Driver/Src/stm32h7xx_hal_gpio.o
 .comment       0x0000000000000050       0x51 ./Drivers/STM32H7xx_HAL_Driver/Src/stm32h7xx_hal_pwr_ex.o
 .comment       0x0000000000000050       0x51 ./Drivers/STM32H7xx_HAL_Driver/Src/stm32h7xx_hal_rcc.o
 .comment       0x0000000000000050       0x51 ./Drivers/STM32H7xx_HAL_Driver/Src/stm32h7xx_hal_rcc_ex.o
 .comment       0x0000000000000050       0x51 ./Drivers/STM32H7xx_HAL_Driver/Src/stm32h7xx_hal_sdram.o
 .comment       0x0000000000000050       0x51 ./Drivers/STM32H7xx_HAL_Driver/Src/stm32h7xx_ll_fmc.o

.debug_frame    0x0000000000000000     0x22b4
 .debug_frame   0x0000000000000000       0xc0 ./Core/Src/fmc.o
 .debug_frame   0x00000000000000c0       0x38 ./Core/Src/gpio.o
 .debug_frame   0x00000000000000f8       0x70 ./Core/Src/main.o
 .debug_frame   0x0000000000000168       0x38 ./Core/Src/stm32h7xx_hal_msp.o
 .debug_frame   0x00000000000001a0      0x104 ./Core/Src/stm32h7xx_it.o
 .debug_frame   0x00000000000002a4       0x58 ./Core/Src/system_stm32h7xx.o
 .debug_frame   0x00000000000002fc      0x690 ./Drivers/STM32H7xx_HAL_Driver/Src/stm32h7xx_hal.o
 .debug_frame   0x000000000000098c      0x4b8 ./Drivers/STM32H7xx_HAL_Driver/Src/stm32h7xx_hal_cortex.o
 .debug_frame   0x0000000000000e44      0x14c ./Drivers/STM32H7xx_HAL_Driver/Src/stm32h7xx_hal_gpio.o
 .debug_frame   0x0000000000000f90      0x580 ./Drivers/STM32H7xx_HAL_Driver/Src/stm32h7xx_hal_pwr_ex.o
 .debug_frame   0x0000000000001510      0x1f8 ./Drivers/STM32H7xx_HAL_Driver/Src/stm32h7xx_hal_rcc.o
 .debug_frame   0x0000000000001708      0x3f4 ./Drivers/STM32H7xx_HAL_Driver/Src/stm32h7xx_hal_rcc_ex.o
 .debug_frame   0x0000000000001afc      0x3f0 ./Drivers/STM32H7xx_HAL_Driver/Src/stm32h7xx_hal_sdram.o
 .debug_frame   0x0000000000001eec      0x37c ./Drivers/STM32H7xx_HAL_Driver/Src/stm32h7xx_ll_fmc.o
 .debug_frame   0x0000000000002268       0x2c c:/st/stm32cubeide_1.10.1/stm32cubeide/plugins/com.st.stm32cube.ide.mcu.externaltools.gnu-tools-for-stm32.10.3-2021.10.win32_1.0.0.202111181127/tools/bin/../lib/gcc/arm-none-eabi/10.3.1/../../../../arm-none-eabi/lib/thumb/v7e-m+dp/hard\libc_nano.a(lib_a-init.o)
 .debug_frame   0x0000000000002294       0x20 c:/st/stm32cubeide_1.10.1/stm32cubeide/plugins/com.st.stm32cube.ide.mcu.externaltools.gnu-tools-for-stm32.10.3-2021.10.win32_1.0.0.202111181127/tools/bin/../lib/gcc/arm-none-eabi/10.3.1/../../../../arm-none-eabi/lib/thumb/v7e-m+dp/hard\libc_nano.a(lib_a-memset.o)
